// Jest Snapshot v1, https://goo.gl/fbAQLP

exports[`App renders snapshot 1`] = `
<div>
  <h1>
    React GraphQL GitHub Client
  </h1>
  <form>
    <label
      for="url"
    >
      Show open issues for https://github.com/
    </label>
    <input
      id="url"
      type="text"
      value="the-road-to-learn-react/the-road-to-learn-react"
    />
    <button
      type="submit"
    >
      Search
    </button>
  </form>
  <hr />
  <p>
    Loading data ...
  </p>
</div>
`;
